MO LCDI NULL lcdi.v vlg44/_l_c_d_i.bin 1654174452
MO take_inputs NULL take_inputs.v vlg5B/take__inputs.bin 1654174452
MO top NULL top.v vlg6F/top.bin 1654174452
MO add NULL add.v vlg51/add.bin 1654174452
MO buttonCorrect NULL buttonCorrect.v vlg12/button_correct.bin 1654174452
MO process_inputs NULL process_inputs.v vlg79/process__inputs.bin 1654174452
